[gamaan.org/index.html]
[backblue.gif]
[fade.gif]
[index.html]
[gamaan.org/wp-includes/js/mediaelement/mediaelementplayer-legacy.min1f61.css]
[gamaan.org/wp-includes/js/mediaelement/wp-mediaelement.min1e39.css]
[gamaan.org/wp-includes/css/dist/components/style.min1e39.css]
[gamaan.org/wp-includes/css/dist/block-editor/style.min1e39.css]
[gamaan.org/feed/index.html]
[gamaan.org/fa/خانه/index.html]
[gamaan.org/comments/feed/index.html]
[gamaan.org/wp-includes/css/dist/patterns/style.min1e39.css]
[gamaan.org/wp-includes/css/dist/editor/style.min1e39.css]
[gamaan.org/wp-content/plugins/contact-form-7/includes/css/styles69c8.css]
[gamaan.org/wp-content/plugins/wpforms/assets/css/frontend/classic/wpforms-full.minbefe.css]
[gamaan.org/wp-content/themes/dotlife/css/core/reset1e39.css]
[gamaan.org/wp-content/themes/dotlife/css/core/wordpress1e39.css]
[gamaan.org/wp-content/themes/dotlife/css/core/screen1e39.css]
[gamaan.org/wp-content/uploads/2022/03/Jost-300-Light.woff]
[gamaan.org/wp-content/uploads/2022/03/Jost-400-Book.woff]
[gamaan.org/wp-content/uploads/2022/03/Jost-500-Medium.woff]
[gamaan.org/wp-content/uploads/2022/03/Jost-700-Bold.woff]
[gamaan.org/wp-content/uploads/2022/03/HKGrotesk-Regular.woff]
[gamaan.org/wp-content/uploads/2022/03/HKGrotesk-SemiBold.woff]
[gamaan.org/wp-content/uploads/2022/03/HKGrotesk-Bold.woff]
[gamaan.org/wp-content/uploads/2022/03/Inter-Medium.woff]
[gamaan.org/wp-content/uploads/2022/03/Inter-Bold.woff]
[gamaan.org/wp-content/themes/dotlife/css/modulobox1e39.css]
[gamaan.org/wp-content/themes/dotlife/css/menus/leftalignmenu1e39.css]
[gamaan.org/wp-content/themes/dotlife/css/font-awesome.min1e39.css]
[gamaan.org/wp-content/themes/dotlife/css/themify-iconsd7b7.css]
[gamaan.org/wp-content/themes/dotlife-child/style1e39.css]
[gamaan.org/wp-content/plugins/searchwp-live-ajax-search/assets/styles/styleba3a.css]
[gamaan.org/wp-content/plugins/loftloader/assets/css/loftloader.min3a45.css]
[gamaan.org/wp-content/plugins/elementor/assets/lib/eicons/css/elementor-icons.min7bb8.css]
[gamaan.org/wp-content/plugins/elementor/assets/css/frontend-lite.minaad7.css]
[gamaan.org/wp-content/plugins/elementor/assets/lib/swiper/css/swiper.min48f5.css]
[gamaan.org/wp-content/uploads/elementor/css/post-103e68.css]
[gamaan.org/wp-content/plugins/dotlife-elementor/assets/css/animatedheadline1e39.css]
[gamaan.org/wp-content/plugins/dotlife-elementor/assets/css/flickity1e39.css]
[gamaan.org/wp-content/plugins/dotlife-elementor/assets/css/justifiedGallery1e39.css]
[gamaan.org/wp-content/plugins/dotlife-elementor/assets/css/owl.theme.default.min1e39.css]
[gamaan.org/wp-content/plugins/dotlife-elementor/assets/css/switchery1e39.css]
[gamaan.org/wp-content/plugins/dotlife-elementor/assets/css/dotlife-elementor1e39.css]
[gamaan.org/wp-content/plugins/dotlife-elementor/assets/css/dotlife-elementor-responsive1e39.css]
[gamaan.org/wp-content/uploads/elementor/css/post-1853814f.css]
[gamaan.org/wp-content/themes/dotlife/css/core/responsive1e39.css]
[gamaan.org/wp-json/index.html]
[gamaan.org/wp-json/wp/v2/pages/1853.json]
[gamaan.org/xmlrpc0db0.php]
[gamaan.org/wp-json/oembed/1.0/embed28e6.json]
[gamaan.org/wp-json/oembed/1.0/embed0a1a]
[i0.wp.com/gamaan.org/wp-content/uploads/2022/02/cropped-glogoe43b.png]
[i0.wp.com/gamaan.org/wp-content/uploads/2022/02/cropped-glogo98d8.png]
[i0.wp.com/gamaan.org/wp-content/uploads/2022/02/cropped-glogof9b5.png]
[gamaan.org/wp-content/uploads/2022/02/glogo.png]
[gamaan.org/infographics/index.html]
[gamaan.org/survey-reports/index.html]
[gamaan.org/timeline/index.html]
[gamaan.org/academic-activities-and-publications/index.html]
[gamaan.org/wp-content/uploads/2023/12/gamaan-logo-icon-for-site.png]
[gamaan.org/methodology/index.html]
[gamaan.org/about-us/index.html]
[gamaan.org/gamaan-in-media/index.html]
[gamaan.org/donate/index.html]
[gamaan.org/contact/index.html]
[gamaan.org/subscribe/index.html]
[i0.wp.com/gamaan.org/wp-content/uploads/2022/03/for-gamaan-6-4eb45.jpg]
[gamaan.org/fa/خانه/index-2.html]
[i0.wp.com/gamaan.org/wp-content/uploads/2023/09/GAMAAN-Media-Survey-cover-for-website-extendedeb45.jpg]
[gamaan.org/2023/09/08/iranians-attitudes-toward-media-2023/index.html]
[i0.wp.com/gamaan.org/wp-content/uploads/2023/08/Figure-1eb45.jpg]
[i0.wp.com/gamaan.org/wp-content/uploads/2023/02/Iran-Protests-for-Websiteeb45.jpg]
[i0.wp.com/gamaan.org/wp-content/uploads/2022/12/FjYyb8aWAAABsEAeb45.jpg]
[i0.wp.com/gamaan.org/wp-content/uploads/2022/11/NYMAG-e1667339481570eb45.jpg]
[gamaan.org/wp-content/plugins/wpforms/assets/images/submit-spin.svg]
[i0.wp.com/gamaan.org/wp-content/uploads/2023/09/GAMAAN-Media-Survey-cover-for-website4a5f.jpg]
[i0.wp.com/gamaan.org/wp-content/uploads/2023/02/Iran-Protests-for-Websited983.jpg]
[i0.wp.com/gamaan.org/wp-content/uploads/2022/03/Poster-for-Website-d170.jpg]
[gamaan.org/wp-content/plugins/elementor/assets/lib/animations/animations.minaad7.css]
[gamaan.org/2022/03/31/political-systems-survey-english/index.html]
[gamaan.org/wp-content/plugins/animated-typed-js-shortcode/js/typed.min3c89.js]
[gamaan.org/2023/02/04/protests_survey/index.html]
[gamaan.org/wp-includes/js/jquery/jquery.minf43b.js]
[gamaan.org/wp-includes/js/jquery/jquery-migrate.min5589.js]
[s0.wp.com/wp-content/js/bilmur.min3854.js]
[gamaan.org/wp-includes/js/imagesloaded.minbb93.js]
[gamaan.org/wp-includes/js/masonry.min3a05.js]
[gamaan.org/wp-content/plugins/dotlife-elementor/assets/js/jquery.lazy1e39.js]
[gamaan.org/wp-content/plugins/dotlife-elementor/assets/js/jquery.parallax-scroll1e39.js]
[gamaan.org/wp-content/plugins/dotlife-elementor/assets/js/modulobox1e39.js]
[gamaan.org/wp-content/plugins/dotlife-elementor/assets/js/jquery.smoove1e39.js]
[gamaan.org/wp-content/plugins/dotlife-elementor/assets/js/parallax1e39.js]
[gamaan.org/wp-content/plugins/dotlife-elementor/assets/js/jquery.blast1e39.js]
[gamaan.org/wp-content/plugins/dotlife-elementor/assets/js/jquery.visible1e39.js]
[gamaan.org/wp-content/plugins/dotlife-elementor/assets/js/jarallax1e39.js]
[gamaan.org/wp-content/plugins/jetpack/jetpack_vendor/automattic/jetpack-image-cdn/dist/image-cdndca9.js]
[gamaan.org/wp-content/plugins/contact-form-7/includes/swv/js/index69c8.js]
[gamaan.org/wp-content/plugins/contact-form-7/includes/js/index69c8.js]
[gamaan.org/wp-includes/js/jquery/ui/core.min3f14.js]
[gamaan.org/wp-includes/js/jquery/ui/effect.min3f14.js]
[gamaan.org/wp-content/themes/dotlife/js/waypoints.mind7b7.js]
[gamaan.org/wp-content/plugins/dotlife-elementor/assets/js/tilt.jquery1e39.js]
[gamaan.org/wp-content/themes/dotlife/js/jquery.stellar.mind7b7.js]
[gamaan.org/wp-content/themes/dotlife/js/core/custom_pluginsd7b7.js]
[gamaan.org/wp-content/themes/dotlife/js/core/customd7b7.js]
[gamaan.org/wp-content/plugins/dotlife-elementor/assets/js/jquery.sticky-kit.min1e39.js]
[gamaan.org/wp-content/plugins/searchwp-live-ajax-search/assets/javascript/dist/script.minba3a.js]
[gamaan.org/wp-content/plugins/loftloader/assets/js/loftloader.min3a45.js]
[www.google.com/recaptcha/apia400.js]
[gamaan.org/wp-includes/js/dist/vendor/wp-polyfill-inert.min0226.js]
[gamaan.org/wp-includes/js/dist/vendor/regenerator-runtime.min6c85.js]
[gamaan.org/wp-includes/js/dist/vendor/wp-polyfill.min2c7c.js]
[gamaan.org/wp-content/plugins/contact-form-7/modules/recaptcha/index69c8.js]
[stats.wp.com/e-202404.js]
[gamaan.org/wp-content/themes/dotlife/modules/kirki/assets/webfonta13e.js]
[gamaan.org/wp-content/plugins/dotlife-elementor/assets/js/tweenmax.min1e39.js]
[gamaan.org/wp-content/plugins/dotlife-elementor/assets/js/dotlife-elementor1e39.js]
[gamaan.org/wp-content/plugins/elementor/assets/lib/jquery-numerator/jquery-numerator.min3958.js]
[gamaan.org/wp-content/plugins/elementor/assets/js/webpack.runtime.minaad7.js]
[gamaan.org/wp-content/plugins/elementor/assets/js/frontend-modules.minaad7.js]
[gamaan.org/wp-content/plugins/elementor/assets/lib/waypoints/waypoints.min05da.js]
[gamaan.org/wp-content/plugins/elementor/assets/js/frontend.minaad7.js]
[gamaan.org/wp-includes/js/underscore.mind584.js]
[gamaan.org/wp-includes/js/wp-util.min1e39.js]
[gamaan.org/wp-content/plugins/wpforms/assets/js/integrations/elementor/frontend.minbefe.js]
[gamaan.org/wp-content/plugins/wpforms/assets/lib/jquery.validate.min7e9d.js]
[gamaan.org/wp-content/plugins/wpforms/assets/lib/mailcheck.mincfa9.js]
[gamaan.org/wp-content/plugins/wpforms/assets/lib/punycode.min8a54.js]
[gamaan.org/wp-content/plugins/wpforms/assets/js/utils.minbefe.js]
[gamaan.org/index.html]
[gamaan.org/xmlrpc.php]
[gamaan.org/fa/خانه/index.html]
[gamaan.org/wp-content/plugins/wpforms/assets/js/wpforms.minbefe.js]
[gamaan.org/wp-includes/js/mediaelement/mediaelementplayer-legacy.min1f61.css]
[gamaan.org/wp-includes/js/mediaelement/wp-mediaelement.min1e39.css]
[gamaan.org/wp-includes/css/dist/components/style.min1e39.css]
[gamaan.org/wp-includes/css/dist/block-editor/style.min1e39.css]
[gamaan.org/wp-includes/css/dist/reusable-blocks/style.min1e39.css]
[gamaan.org/wp-includes/css/dist/patterns/style.min1e39.css]
[gamaan.org/wp-includes/css/dist/editor/style.min1e39.css]
[gamaan.org/wp-content/plugins/simple-link-directory/gutenberg/sld-block/dist/blocks.style.build1e39.css]
[gamaan.org/wp-content/plugins/contact-form-7/includes/css/styles69c8.css]
[gamaan.org/wp-includes/js/mediaelement/mejs-controls.svg]
[gamaan.org/wp-content/plugins/wpforms/assets/css/frontend/classic/wpforms-full.minbefe.css]
[gamaan.org/wp-content/themes/dotlife/css/core/reset1e39.css]
[gamaan.org/wp-content/themes/dotlife/css/core/wordpress1e39.css]
[gamaan.org/wp-content/themes/dotlife/css/core/screen1e39.css]
[gamaan.org/wp-content/plugins/wpforms/assets/pro/images/times-solid-white.svg]
[gamaan.org/wp-content/themes/dotlife/css/modulobox1e39.css]
[gamaan.org/wp-content/themes/dotlife/css/menus/leftalignmenu1e39.css]
[gamaan.org/wp-content/themes/dotlife/icons/modulobox.svg]
[gamaan.org/wp-content/themes/dotlife/webfonts/fa-brands-400.eot]
[gamaan.org/wp-content/themes/dotlife/webfonts/fa-brands-400d41d.eot]
[gamaan.org/wp-content/themes/dotlife/webfonts/fa-brands-400.woff2]
[gamaan.org/wp-content/themes/dotlife/webfonts/fa-brands-400.woff]
[gamaan.org/wp-content/themes/dotlife/webfonts/fa-brands-400.ttf]
[gamaan.org/wp-content/themes/dotlife/webfonts/fa-regular-400.eot]
[gamaan.org/wp-content/themes/dotlife/webfonts/fa-brands-400.svg]
[gamaan.org/wp-content/themes/dotlife/webfonts/fa-regular-400d41d.eot]
[gamaan.org/wp-content/themes/dotlife/webfonts/fa-regular-400.woff2]
[gamaan.org/wp-content/themes/dotlife/webfonts/fa-regular-400.woff]
[gamaan.org/wp-content/themes/dotlife/webfonts/fa-regular-400.ttf]
[gamaan.org/wp-content/themes/dotlife/webfonts/fa-regular-400.svg]
[gamaan.org/wp-content/themes/dotlife/webfonts/fa-solid-900.eot]
[gamaan.org/wp-content/themes/dotlife/webfonts/fa-solid-900d41d.eot]
[gamaan.org/wp-content/themes/dotlife/webfonts/fa-solid-900.woff2]
[gamaan.org/wp-content/themes/dotlife/webfonts/fa-solid-900.woff]
[gamaan.org/wp-content/themes/dotlife/webfonts/fa-solid-900.ttf]
[gamaan.org/wp-content/themes/dotlife/css/font-awesome.min1e39.css]
[gamaan.org/wp-content/themes/dotlife/fonts/themify.eot]
[gamaan.org/wp-content/themes/dotlife/webfonts/fa-solid-900.svg]
[gamaan.org/wp-content/themes/dotlife/fonts/themify.woff]
[gamaan.org/wp-content/themes/dotlife/fonts/themify.ttf]
[gamaan.org/wp-content/themes/dotlife/css/themify-iconsd7b7.css]
[gamaan.org/wp-content/themes/dotlife-child/style1e39.css]
[gamaan.org/wp-content/plugins/searchwp-live-ajax-search/assets/styles/styleba3a.css]
[gamaan.org/wp-content/plugins/loftloader/assets/css/loftloader.min3a45.css]
[gamaan.org/wp-content/themes/dotlife/fonts/themify.svg]
[gamaan.org/wp-content/plugins/elementor/assets/lib/eicons/fonts/eicons080a.eot]
[gamaan.org/wp-content/plugins/elementor/assets/lib/eicons/fonts/eicons080a.woff2]
[gamaan.org/wp-content/plugins/elementor/assets/lib/eicons/fonts/eicons080a.woff]
[gamaan.org/wp-content/plugins/elementor/assets/lib/eicons/fonts/eicons080a.ttf]
[gamaan.org/wp-content/plugins/elementor/assets/lib/eicons/css/elementor-icons.min7bb8.css]
[gamaan.org/wp-content/plugins/elementor/assets/css/frontend-lite.minaad7.css]
[gamaan.org/wp-content/plugins/elementor/assets/lib/swiper/css/swiper.min48f5.css]
[gamaan.org/wp-content/uploads/elementor/css/post-103e68.css]
[gamaan.org/wp-content/plugins/dotlife-elementor/assets/css/animatedheadline1e39.css]
[gamaan.org/wp-content/plugins/dotlife-elementor/assets/css/flickity1e39.css]
[gamaan.org/wp-content/plugins/dotlife-elementor/assets/css/justifiedGallery1e39.css]
[gamaan.org/wp-content/plugins/elementor/assets/lib/eicons/fonts/eicons080a.svg]
[gamaan.org/wp-content/plugins/dotlife-elementor/assets/css/owl.video.play.png]
[gamaan.org/wp-content/plugins/dotlife-elementor/assets/css/owl.theme.default.min1e39.css]
[gamaan.org/wp-content/plugins/dotlife-elementor/assets/css/switchery1e39.css]
[gamaan.org/wp-content/plugins/dotlife-elementor/assets/index.html]
[gamaan.org/wp-content/plugins/dotlife-elementor/assets/css/dotlife-elementor1e39.css]
[gamaan.org/wp-content/plugins/dotlife-elementor/assets/css/dotlife-elementor-responsive1e39.css]
[gamaan.org/wp-content/uploads/2022/03/About-Us-new.jpg]
[gamaan.org/wp-content/uploads/elementor/css/post-1853814f.css]
[gamaan.org/wp-content/themes/dotlife/css/core/responsive1e39.css]
[gamaan.org/wp-content/themes/dotlife/modules/kirki/assets/css/kirki-stylesa13e.css]
[gamaan.org/wp-content/themes/dotlife/images/index.html]
[gamaan.org/wp-content/uploads/elementor/css/post-1955cd67.css]
[gamaan.org/fa/گزارشها/index.html]
[gamaan.org/wp-json/wp/v2/pages/1955.json]
[gamaan.org/wp-json/oembed/1.0/embed9bd4.json]
[gamaan.org/wp-json/oembed/1.0/embeda354]
[i0.wp.com/gamaan.org/wp-content/uploads/2023/02/Iran-Protests-for-Website4a5f.jpg]
[i0.wp.com/gamaan.org/wp-content/uploads/2022/03/Poster-for-Website-4a5f.jpg]
[i0.wp.com/gamaan.org/wp-content/uploads/2022/03/GAMAAN-IR-Survey-Poster-Report-Cover-scaled-e16484993483694a5f.jpg]
[gamaan.org/2021/10/27/iraniansattitudes-toward-international-relations-a-2021-survey-report/index.html]
[i0.wp.com/gamaan.org/wp-content/uploads/2021/06/Ballot-box4a5f.png]
[i0.wp.com/gamaan.org/wp-content/uploads/2021/06/6575924_449-e16483029775384a5f.jpg]
[i0.wp.com/gamaan.org/wp-content/uploads/2021/04/Media-Survey-GAMAAN4a5f.png]
[i0.wp.com/gamaan.org/wp-content/uploads/2020/10/Capital-punishment4a5f.jpg]
[i0.wp.com/gamaan.org/wp-content/uploads/2020/08/Clergy-e16483066137134a5f.jpg]
[i0.wp.com/gamaan.org/wp-content/uploads/2020/03/Corona-wall-scaled4a5f.jpg]
[gamaan.org/2021/06/18/irans-2021-elections-final-survey-report/index.html]
[gamaan.org/2021/06/07/iranians-attitudes-toward-elections-a-2021-survey-report/index.html]
[gamaan.org/2021/04/05/iranians-attitudes-toward-media-a-2021-survey-report/index.html]
[i0.wp.com/gamaan.org/wp-content/uploads/2020/02/Iran-Parliamentary-election-13984a5f.jpg]
[gamaan.org/2020/08/25/iranians-attitudes-toward-religion-a-2020-survey-report/index.html]
[gamaan.org/2020/10/12/iranians-attitudes-toward-the-death-penalty-a-2020-survey-report/index.html]
[gamaan.org/2020/03/30/summary-of-gamaans-survey-on-the-coronavirus-in-iran/index.html]
[i0.wp.com/gamaan.org/wp-content/uploads/2019/04/1538471_435-e16483607095981a02.jpg]
[gamaan.org/wp-content/plugins/dotlife-elementor/assets/css/typedjs.min1e39.css]
[gamaan.org/2020/02/10/summary-of-gamaans-survey-on-the-2020-parliamentary-elections-in-iran/index.html]
[gamaan.org/survey-reports/index.html]
[gamaan.org/wp-content/plugins/dotlife-elementor/assets/js/typed.min1e39.js]
[gamaan.org/2019/04/28/survey-report-on-the-islamic-republic-yes-or-no/index.html]
[gamaan.org/wp-content/uploads/elementor/css/post-5603fdca.css]
[gamaan.org/wp-json/wp/v2/pages/5603.json]
[gamaan.org/wp-json/oembed/1.0/embedef69.json]
[gamaan.org/academic-activities-and-publications/index.html]
[gamaan.org/wp-json/oembed/1.0/embed653d]
[gamaan.org/wp-content/uploads/elementor/css/post-294170f9.css]
[gamaan.org/fa/اینفوگرافیک/index.html]
[gamaan.org/wp-json/wp/v2/pages/2941.json]
[gamaan.org/wp-json/oembed/1.0/embede9fd.json]
[gamaan.org/wp-json/oembed/1.0/embedd396]
[i0.wp.com/gamaan.org/wp-content/uploads/2022/04/GAMAAN-Politics-Regime-Type-English48b0.png]
[i0.wp.com/gamaan.org/wp-content/uploads/2022/04/GAMAAN-Politics-Political-Orientation-English4881.png]
[i0.wp.com/gamaan.org/wp-content/uploads/2022/04/GAMAAN-Politics-WVS-Political-Systems-English4098.png]
[i0.wp.com/gamaan.org/wp-content/uploads/2022/04/GAMAAN-Politics-Political-Structure-English48b0.png]
[i0.wp.com/gamaan.org/wp-content/uploads/2022/04/GAMAAN-Politics-Head-of-State-Features-English9155.png]
[i0.wp.com/gamaan.org/wp-content/uploads/2022/04/GAMAAN-Politics-Head-of-State-Features-vs-Regime-Types-Englishe1c8.png]
[i0.wp.com/gamaan.org/wp-content/uploads/2022/04/GAMAAN-Politics-Political-Parties-English70c9.png]
[i0.wp.com/gamaan.org/wp-content/uploads/2022/04/GAMAAN-Politics-Political-Figures-English218d.png]
[i0.wp.com/gamaan.org/wp-content/uploads/2022/04/GAMAAN-Politics-Contemporary-Leaders-Englishaa43.png]
[i0.wp.com/gamaan.org/wp-content/uploads/2022/04/GAMAAN-Politics-National-Flag-English67d6.png]
[i0.wp.com/gamaan.org/wp-content/uploads/2022/04/GAMAAN-Politics-Political-Slogans-Englishd9bd.png]
[i0.wp.com/gamaan.org/wp-content/uploads/2022/04/GAMAAN-Politics-Political-Protests-Englishc7c3.png]
[i0.wp.com/gamaan.org/wp-content/uploads/2022/04/GAMAAN-Politics-Language-Englishc7c3.png]
[i0.wp.com/gamaan.org/wp-content/uploads/2022/04/GAMAAN-Politics-Raisi-Approval-with-demographics-Englishf856.png]
[gamaan.org/infographics/index.html]
[gamaan.org/wp-content/uploads/elementor/css/post-1965b05d.css]
[gamaan.org/fa/گاهشمار/index.html]
[gamaan.org/wp-json/wp/v2/pages/1965.json]
[gamaan.org/wp-json/oembed/1.0/embed0c0f.json]
[gamaan.org/wp-json/oembed/1.0/embedc962]
[i0.wp.com/gamaan.org/wp-content/uploads/2022/02/685648_6294ecd.jpg]
[i0.wp.com/gamaan.org/wp-content/uploads/2020/02/Iran-Parliamentary-election-1398e6cf.jpg]
[i0.wp.com/gamaan.org/wp-content/uploads/2022/02/adam-niescioruk-Z9arfr0f248-unsplash-scaled2e39.jpg]
[i0.wp.com/gamaan.org/wp-content/uploads/2022/02/mehdi-sepehri-GWLsDq1axxs-unsplash-scaledc151.jpg]
[i0.wp.com/gamaan.org/wp-content/uploads/2022/02/milad-fakurian-1r0TPtmhEZA-unsplash-scaledc44b.jpg]
[i0.wp.com/gamaan.org/wp-content/uploads/2021/04/matt-c-xDtiCFu_Z3s-unsplash-scaleda9a3.jpg]
[i0.wp.com/gamaan.org/wp-content/uploads/2022/02/element5-digital-T9CXBZLUvic-unsplash-scaled-e1647123147832a9a3.jpg]
[i0.wp.com/gamaan.org/wp-content/uploads/2021/06/6575924_449-e1648302977538e6cf.jpg]
[i0.wp.com/gamaan.org/wp-content/uploads/2022/07/GAMAAN-IR-Survey-Poster-Report-Cover77a6.jpg]
[i0.wp.com/gamaan.org/wp-content/uploads/2022/03/mellat-ma-ra-azad-bogzarid-e16487475091713d70.jpg]
[i0.wp.com/gamaan.org/wp-content/uploads/2023/02/Iran-Protests-for-Website2e39.jpg]
[i0.wp.com/gamaan.org/wp-content/uploads/2023/12/Image-31-12-2023-at-12.59a558.jpg]
[gamaan.org/timeline/index.html]
[gamaan.org/wp-content/uploads/elementor/css/post-33082396.css]
[gamaan.org/fa/روش-شناسی/index.html]
[gamaan.org/wp-json/wp/v2/pages/3308.json]
[gamaan.org/wp-json/oembed/1.0/embed6327.json]
[gamaan.org/methodology/index.html]
[gamaan.org/wp-json/oembed/1.0/embedd63a]
[gamaan.org/wp-content/uploads/elementor/css/post-1897a4da.css]
[gamaan.org/wp-json/wp/v2/pages/1897.json]
[gamaan.org/fa/درباره-ما/index.html]
[gamaan.org/wp-json/oembed/1.0/embed7974.json]
[gamaan.org/about-us/index.html]
[gamaan.org/wp-json/oembed/1.0/embed2070]
[gamaan.org/wp-content/uploads/elementor/css/post-2042f8e6.css]
[gamaan.org/wp-content/plugins/elementor/assets/lib/font-awesome/css/fontawesome.min52d5.css]
[gamaan.org/wp-content/plugins/elementor/assets/lib/font-awesome/css/regular.min52d5.css]
[gamaan.org/fa/گمان-در-رسانهها/index.html]
[gamaan.org/wp-json/wp/v2/pages/2042.json]
[gamaan.org/wp-json/oembed/1.0/embed92d2.json]
[gamaan.org/wp-json/oembed/1.0/embed673c]
[i0.wp.com/gamaan.org/wp-content/uploads/2022/12/abchome1621.png]
[upload.wikimedia.org/wikipedia/commons/thumb/4/4a/WSJ_Logo.svg/2560px-WSJ_Logo.svg.png]
[i0.wp.com/gamaan.org/wp-content/uploads/2022/12/tilburg-university-logo-10a7b.png]
[i0.wp.com/gamaan.org/wp-content/uploads/2022/11/uu-logo-nl-geenwitruimte-e1667342425708aa6f.png]
[upload.wikimedia.org/wikipedia/en/thumb/7/7c/The_Conversation_website_text_logo.svg/2560px-The_Conversation_website_text_logo.svg.png]
[i0.wp.com/gamaan.org/wp-content/uploads/2022/11/5-30-8-logo1b9c.png]
[i0.wp.com/gamaan.org/wp-content/uploads/2022/11/2560px-Deutsche_Welle_Logo.svg-e16673423438599aa0.png]
[i0.wp.com/gamaan.org/wp-content/uploads/2022/11/national_interest_logo_0-e1667342063958855e.jpg]
[i0.wp.com/gamaan.org/wp-content/uploads/2022/11/downloada3d5.jpg]
[i0.wp.com/gamaan.org/wp-content/uploads/2022/09/daily-mirror-logo-1ce08.png]
[i0.wp.com/gamaan.org/wp-content/uploads/2022/09/Jerusalem-Strategic-Tribune_Logoad4c.png]
[i0.wp.com/gamaan.org/wp-content/uploads/2022/09/The-Bulwarkab70.png]
[i0.wp.com/gamaan.org/wp-content/uploads/2022/03/newsweek876e.png]
[i0.wp.com/gamaan.org/wp-content/uploads/2022/07/LSE-logoec61.png]
[i0.wp.com/gamaan.org/wp-content/uploads/2022/07/Arab-News-logo431d.png]
[i0.wp.com/gamaan.org/wp-content/uploads/2022/03/Iran-International-English-e16485794315974c03.png]
[i0.wp.com/gamaan.org/wp-content/uploads/2022/03/Just-the-News19c1.png]
[i0.wp.com/gamaan.org/wp-content/uploads/2022/03/Middle-East-Institute-1ca30.png]
[i0.wp.com/gamaan.org/wp-content/uploads/2022/03/The-Dispatchf988.png]
[i0.wp.com/gamaan.org/wp-content/uploads/2022/03/AFPC465b.png]
[upload.wikimedia.org/wikipedia/commons/thumb/2/27/TRT_World.svg/2560px-TRT_World.svg.png]
[i0.wp.com/gamaan.org/wp-content/uploads/2022/04/The-Hill361e.png]
[upload.wikimedia.org/wikipedia/commons/8/86/Arab_news_Logo_L_Apr_2018.png]
[upload.wikimedia.org/wikipedia/en/thumb/d/de/Atlantic-council-logo.svg/2880px-Atlantic-council-logo.svg.png]
[upload.wikimedia.org/wikipedia/commons/d/d8/The_Georgetown_Voice_Logo.png]
[i0.wp.com/logos-download.com/wp-content/uploads/2016/09/The_Financial_Express_logoeb45.png]
[upload.wikimedia.org/wikipedia/en/thumb/0/01/Tony_Blair_Institute_for_Global_Change_logo.svg/1920px-Tony_Blair_Institute_for_Global_Change_logo.svg.png]
[i0.wp.com/eap-csf.eu/wp-content/uploads/NED-Logo-transparent-1eb45.png]
[i0.wp.com/mvoicesiran.com/wp-content/uploads/2020/09/1-3eb45.png]
[i0.wp.com/gamaan.org/wp-content/uploads/2022/04/The-Independent1f2e.png]
[i0.wp.com/www.arabbritishcentre.org.uk/wp-content/uploads/2016/07/the-arab-weekly.jpg]
[i0.wp.com/www.cips-cepi.ca/wp-content/uploads/2015/01/logo-cipseb45.png]
[upload.wikimedia.org/wikipedia/commons/d/d1/DW_Logo_2012.png]
[i0.wp.com/gamaan.org/wp-content/uploads/2022/03/Economistce1d.png]
[i0.wp.com/gamaan.org/wp-content/uploads/2022/03/Washington-Times967d.png]
[i0.wp.com/gamaan.org/wp-content/uploads/2022/07/Newsmaxa72c.png]
[i0.wp.com/gamaan.org/wp-content/uploads/2022/03/Asia-Times-1b02b.png]
[i0.wp.com/gamaan.org/wp-content/uploads/2022/03/The-Daily-Star531c.png]
[i0.wp.com/apsamena.org/wp-content/uploads/2019/04/mena-politics-newsletter-header-e160524485664854c5.png]
[i0.wp.com/d32081hfx7ir9x.cloudfront.net/3531560dfe7dd3e3fae70fde186d9211/dist/img/logo-blackeb45.png]
[i0.wp.com/kayhanlife.com/wp-content/uploads/2017/12/KayhanLife-1044pxeb45.jpg]
[i0.wp.com/logos-download.com/wp-content/uploads/2016/12/Atlantic_Council_logo_logotypeeb45.png]
[i0.wp.com/gamaan.org/wp-content/uploads/2022/03/Open-Democracy-199cf.png]
[i0.wp.com/gamaan.org/wp-content/uploads/2022/03/Alarabiya-English-291c7.png]
[i0.wp.com/gamaan.org/wp-content/uploads/2022/11/volkskrant_logo_zw-1024x192-167be.png]
[i0.wp.com/www.groene.nl/degroeneamsterdammereb45.png]
[i0.wp.com/gamaan.org/wp-content/uploads/2022/07/Nederlands_Dagblada3a9.png]
[upload.wikimedia.org/wikipedia/commons/thumb/4/43/Trouw_(2020-01-29).svg/2880px-Trouw_(2020-01-29).svg.png]
[i0.wp.com/gamaan.org/wp-content/uploads/2022/06/Trouw3133.png]
[i0.wp.com/gamaan.org/wp-content/uploads/2022/04/de-correspondent54c2.png]
[i0.wp.com/boeken.doorbraak.be/wp-content/uploads/2018/12/RGB_Logo_Doorbraak.be_eb45.png]
[i0.wp.com/gamaan.org/wp-content/uploads/2022/06/Utrecht-Universitye5ef.png]
[upload.wikimedia.org/wikipedia/commons/thumb/c/c5/Logo_rijksoverheid_met_beeldmerk.svg/1280px-Logo_rijksoverheid_met_beeldmerk.svg.png]
[upload.wikimedia.org/wikipedia/commons/thumb/9/9e/Reformatorisch_Dagblad.svg/1200px-Reformatorisch_Dagblad.svg.png]
[upload.wikimedia.org/wikipedia/commons/thumb/7/71/NRC_logo.svg/1280px-NRC_logo.svg.png]
[upload.wikimedia.org/wikipedia/commons/thumb/d/d0/Deutschlandfunk_Logo_2017.svg/2560px-Deutschlandfunk_Logo_2017.svg.png]
[upload.wikimedia.org/wikipedia/commons/5/56/Welt_TV_Alternative_Logo_2016.png]
[i0.wp.com/www.hmkv.de/files/hmkv/ausstellungen/2022/HOMI/Logos/jungle-world-logoeb45.png]
[i0.wp.com/gamaan.org/wp-content/uploads/2022/03/DW-e164822237477467af.png]
[i0.wp.com/www.humanistisch.net/media/2020/06/humanistisch-logo-02eb45.png]
[i0.wp.com/fowid.de/sites/all/themes/subthemes/fowid/logoeb45.png]
[upload.wikimedia.org/wikipedia/commons/thumb/2/24/DER_STANDARD_LOGO_schwarz.svg/1280px-DER_STANDARD_LOGO_schwarz.svg.png]
[i0.wp.com/worldcoalition.org/wp-content/uploads/2020/09/logoeb45.png]
[upload.wikimedia.org/wikipedia/commons/thumb/0/09/L-opinion.svg/1920px-L-opinion.svg.png]
[i0.wp.com/logodownload.org/wp-content/uploads/2017/04/o-globo-logo-1eb45.png]
[i0.wp.com/s.hurriyet.com.tr/static/images/hurriyet/share-img-neweb45.png]
[i0.wp.com/logos-download.com/wp-content/uploads/2021/01/Cumhuriyet_Logoeb45.png]
[i0.wp.com/scenarieconomici.it/wp-content/uploads/2015/11/Logo-Scenari-Economici-alta-risoluzione1eb45.png]
[i0.wp.com/www.osmed.it/wp-content/uploads/2019/04/OSMED_180eb45.png]
[i0.wp.com/takku.net/images/logo6b454cf9eb45.png]
[i0.wp.com/globalnyt.dk/wp-content/uploads/2021/08/gn_logoeb45.jpg]
[upload.wikimedia.org/wikipedia/commons/thumb/7/77/BBC_Russian_Service_2022.svg/1200px-BBC_Russian_Service_2022.svg.png]
[i0.wp.com/www.ukrainianlessons.com/wp-content/uploads/2020/04/bbceb45.png]
[i0.wp.com/news.files.bbci.co.uk/ws/img/logos/og/uzbekeb45.png]
[i0.wp.com/www.cup.com.hk/wp-content/themes/notio-wp-child/assets/img/cup_logoeb45.png]
[gamaan.org/gamaan-in-media/index.html]
[gamaan.org/fa/حمایت/index.html]
[gamaan.org/wp-json/wp/v2/pages/2118.json]
[gamaan.org/wp-json/oembed/1.0/embed24c1.json]
[gamaan.org/wp-json/oembed/1.0/embedf162]
[i0.wp.com/gamaan.org/wp-content/uploads/elementor/thumbs/Daco_472332-pmmggmwfs7nxxbhe9or0foflriphktfh9ewba2k8xceb45.png]
[gamaan.org/donate/index.html]
[gamaan.org/wp-content/uploads/elementor/css/post-19349102.css]
[gamaan.org/fa/تماس/index.html]
[gamaan.org/wp-json/wp/v2/pages/1934.json]
[gamaan.org/wp-json/oembed/1.0/embed08c0.json]
[gamaan.org/contact/index.html]
[gamaan.org/wp-json/oembed/1.0/embeda4af]
[gamaan.org/wp-content/uploads/elementor/css/post-3311ca59.css]
[gamaan.org/wp-json/wp/v2/pages/3311.json]
[gamaan.org/fa/elementor-3384/index.html]
[gamaan.org/wp-json/oembed/1.0/embed4177.json]
[gamaan.org/subscribe/index.html]
[gamaan.org/wp-json/oembed/1.0/embed9c47]
[gamaan.org/wp-includes/css/dist/components/style-rtl.min1e39.css]
[gamaan.org/wp-includes/css/dist/block-editor/style-rtl.min1e39.css]
[gamaan.org/fa/feed/index.html]
[gamaan.org/fa/comments/feed/index.html]
[gamaan.org/wp-includes/css/dist/patterns/style-rtl.min1e39.css]
[gamaan.org/wp-includes/css/dist/editor/style-rtl.min1e39.css]
[gamaan.org/wp-content/plugins/elementor/assets/css/frontend-lite-rtl.minaad7.css]
[gamaan.org/wp-content/uploads/elementor/css/post-26117ed0.css]
[gamaan.org/wp-json/wp/v2/pages/2611.json]
[gamaan.org/wp-content/themes/dotlife-child/rtl.css]
[gamaan.org/wp-json/oembed/1.0/embed2708.json]
[gamaan.org/wp-json/oembed/1.0/embeda366]
[gamaan.org/f]
[gamaan.org/fa/خانه/index-2.html]
[gamaan.org/fa/2023/09/05/media-survey-1402/index.html]
[gamaan.org/fa/2023/02/04/protests_survey_persian/index.html]
[gamaan.org/wp-json/wp/v2/posts/6494.json]
[gamaan.org/fa/2022/03/31/political-systems-survey/index.html]
[gamaan.org/wp-json/oembed/1.0/embed2ce6.json]
[gamaan.org/wp-json/oembed/1.0/embed9f35]
[gamaan.org/wp-content/uploads/2023/09/GAMAAN-Media-Survey-2023-English.pdf]
[i0.wp.com/gamaan.org/wp-content/uploads/2023/09/Image-08-09-2023-at-15.469fc3.jpg]
[gamaan.org/2023/09/08/iranians-attitudes-toward-media-2023/index.html]
[gamaan.org/index721e.html]
[gamaan.org/wp-content/plugins/wpforms/assets/images/submit-spin.svg]
[gamaan.org/category/report/index.html]
[gamaan.org/wp-content/uploads/elementor/css/post-53586f96.css]
[gamaan.org/wp-json/wp/v2/posts/5358.json]
[gamaan.org/wp-json/oembed/1.0/embed85de.json]
[gamaan.org/wp-json/oembed/1.0/embedfa3b]
[gamaan.org/wp-content/uploads/2023/09/GAMAAN-Protests-Survey-English-Report-Final.pdf]
[i0.wp.com/gamaan.org/wp-content/uploads/2023/02/Image-05-09-2023-at-00.051612.jpg]
[gamaan.org/2023/02/04/protests_survey/index.html]
[gamaan.org/tag/iranrevolution/index.html]
[gamaan.org/tag/iranprotests/index.html]
[gamaan.org/wp-content/uploads/elementor/css/post-444028b0.css]
[gamaan.org/tag/mahsaamini/index.html]
[gamaan.org/wp-json/wp/v2/posts/4440.json]
[gamaan.org/wp-json/oembed/1.0/embed6784.json]
[gamaan.org/wp-json/oembed/1.0/embed40be]
[gamaan.org/wp-content/uploads/2022/03/GAMAAN-Political-Systems-Survey-2022-English-Final.pdf]
[i0.wp.com/gamaan.org/wp-content/uploads/2022/03/Image-05-09-2023-at-00.170b13.jpg]
[gamaan.org/2022/03/31/political-systems-survey-english/index.html]
[gamaan.org/wp-content/plugins/elementor/assets/lib/animations/animations.minaad7.css]
[gamaan.org/wp-admin/admin-ajax.html]
[gamaan.org/wp-includes/js/mediaelement/mejs-controls.svg]
[gamaan.org/wp-content/plugins/wpforms/assets/pro/images/times-solid-white.svg]
[gamaan.org/wp-content/themes/dotlife/icons/modulobox.svg]
[gamaan.org/wp-content/themes/dotlife/webfonts/fa-brands-400.svg]
[gamaan.org/wp-content/themes/dotlife/webfonts/fa-regular-400.svg]
[gamaan.org/wp-content/themes/dotlife/webfonts/fa-solid-900.svg]
[gamaan.org/wp-content/themes/dotlife/fonts/themify.svg]
[gamaan.org/wp-content/plugins/elementor/assets/lib/eicons/fonts/eicons080a.svg]
[gamaan.org/wp-content/plugins/dotlife-elementor/assets/css/owl.video.play.html]
[gamaan.org/wp-content/plugins/dotlife-elementor/assets/index.html]
[gamaan.org/fa/گزارشها/index.html]
[gamaan.org/wp-content/uploads/2022/02/business-and-deadlines-P6MPLG7.jpg]
[gamaan.org/wp-content/uploads/elementor/css/post-1955cd67.css]
[gamaan.org/index033a.html]
[gamaan.org/wp-json/wp/v2/posts/4129.json]
[gamaan.org/wp-json/oembed/1.0/embed3869.json]
[gamaan.org/wp-json/oembed/1.0/embede577]
[gamaan.org/wp-content/uploads/2021/10/GAMAAN-IR-Survey-English-Report-Final.pdf]
[gamaan.org/2021/10/27/iraniansattitudes-toward-international-relations-a-2021-survey-report/index.html]
[gamaan.org/wp-includes/css/dist/block-library/style.min1e39.css]
[gamaan.org/fa/2021/06/18/گزارش-نظرسنجی-نهایی-انتخابات-۱۴۰۰/index.html]
[gamaan.org/2021/06/18/irans-2021-elections-final-survey-report/feed/index.html]
[gamaan.org/wp-json/wp/v2/posts/1952.json]
[gamaan.org/wp-json/oembed/1.0/embed08d0.json]
[gamaan.org/wp-json/oembed/1.0/embed26e8]
[gamaan.org/wp-content/uploads/2021/06/GAMAAN-Final-Elections-Survey-2021-English-Final.pdf]
[gamaan.org/2021/06/18/irans-2021-elections-final-survey-report/index.html]
[gamaan.org/wp-json/wp/v2/posts/1950.json]
[gamaan.org/fa/2021/06/06/گزارش-نظرسنجی-انتخابات/index.html]
[gamaan.org/2021/06/07/iranians-attitudes-toward-elections-a-2021-survey-report/feed/index.html]
[gamaan.org/wp-json/oembed/1.0/embed0195.json]
[gamaan.org/wp-content/uploads/2021/06/GAMAAN-Election-Survey-2021-English-Final.pdf]
[gamaan.org/2021/06/07/iranians-attitudes-toward-elections-a-2021-survey-report/index.html]
[gamaan.org/wp-json/oembed/1.0/embed2b3d]
[gamaan.org/fa/2021/03/28/گزارش-نظرسنجی-نگرش-ایرانیان-به-رسانه/index.html]
[gamaan.org/2021/04/05/iranians-attitudes-toward-media-a-2021-survey-report/feed/index.html]
[gamaan.org/wp-json/wp/v2/posts/1946.json]
[gamaan.org/wp-json/oembed/1.0/embed22d7.json]
[gamaan.org/wp-json/oembed/1.0/embedefd5]
[gamaan.org/wp-content/uploads/2021/04/GAMAAN-Iran-Media-Survey-2021-English-Final.pdf]
[gamaan.org/2021/04/05/iranians-attitudes-toward-media-a-2021-survey-report/index.html]
[gamaan.org/tag/attitude/index.html]
[gamaan.org/tag/media/index.html]
[gamaan.org/wp-json/wp/v2/posts/1943.json]
[gamaan.org/2020/10/12/iranians-attitudes-toward-the-death-penalty-a-2020-survey-report/feed/index.html]
[gamaan.org/fa/2020/10/08/گزارش-نظرسنجی-دیدگاه-ایرانیان-اعدام/index.html]
[gamaan.org/wp-json/oembed/1.0/embed3274.json]
[gamaan.org/wp-json/oembed/1.0/embed3294]
[gamaan.org/wp-content/uploads/2020/10/GAMAAN-Iran-Death-Penalty-Survey-2020-English.pdf]
[gamaan.org/2020/10/12/iranians-attitudes-toward-the-death-penalty-a-2020-survey-report/index.html]
[gamaan.org/fa/2020/08/23/گزارش-نظرسنجی-نگرش-ایرانیان-دین/index.html]
[gamaan.org/wp-json/wp/v2/posts/2205.json]
[gamaan.org/wp-json/oembed/1.0/embed3cb9.json]
[gamaan.org/wp-json/oembed/1.0/embed5a15]
[gamaan.org/wp-content/uploads/2020/09/GAMAAN-Iran-Religion-Survey-2020-English.pdf]
[i0.wp.com/gamaan.org/wp-content/uploads/2020/08/Image-07-09-2023-at-12.14cae9.jpg]
[gamaan.org/2020/08/25/iranians-attitudes-toward-religion-a-2020-survey-report/index.html]
[gamaan.org/wp-json/wp/v2/posts/2203.json]
[gamaan.org/fa/2020/03/29/گزارش-نظرسنجی-بیماری-کرونا-در-ایران/index.html]
[gamaan.org/wp-json/oembed/1.0/embedb9ae.json]
[gamaan.org/wp-json/oembed/1.0/embed7d70]
[gamaan.org/wp-content/uploads/2020/03/Summary-of-GAMAAN-survey-on-Coronavirus-March-2020-English-Final.pdf]
[gamaan.org/2020/03/30/summary-of-gamaans-survey-on-the-coronavirus-in-iran/index.html]
[gamaan.org/wp-json/wp/v2/posts/2201.json]
[gamaan.org/fa/2020/02/09/گزارش-نظرسنجی-درباره-انتخابات-۹۸/index.html]
[gamaan.org/wp-json/oembed/1.0/embedf62b.json]
[gamaan.org/wp-json/oembed/1.0/embed531e]
[gamaan.org/wp-content/uploads/2020/02/Summary-of-GAMAAN-survey-on-2020-Parliamentary-Elections-in-Iran-English.pdf]
[gamaan.org/wp-content/uploads/2019/04/gamaan-referendum-survey-report-english-2019.pdf]
[gamaan.org/wp-content/uploads/2020/02/Election98-Survey-Report-Final-Persian.pdf]
[gamaan.org/2020/02/10/summary-of-gamaans-survey-on-the-2020-parliamentary-elections-in-iran/index.html]
[gamaan.org/fa/2019/04/17/گزارش-نظرسنجی-جمهوری-اسلامی-رفراندوم/index.html]
[gamaan.org/wp-json/wp/v2/posts/2199.json]
[gamaan.org/wp-json/oembed/1.0/embed7908.json]
[gamaan.org/2019/04/28/survey-report-on-the-islamic-republic-yes-or-no/index.html]
[gamaan.org/wp-content/plugins/dotlife-elementor/assets/css/typedjs.min1e39.css]
[gamaan.org/wp-json/oembed/1.0/embed3538]
[i0.wp.com/gamaan.org/wp-content/uploads/2022/12/FjYyb8aWAAABsEA48a3.jpg]
[gamaan.org/wp-content/uploads/elementor/css/post-5603fdca.css]
[gamaan.org/index31ec.html]
[gamaan.org/fa/اینفوگرافیک/index.html]
[gamaan.org/wp-content/uploads/2022/03/scott-graham-5fNmWej4tAA-unsplash-scaled.jpg]
[gamaan.org/wp-content/uploads/elementor/css/post-294170f9.css]
[gamaan.org/indexf7c6.html]
[gamaan.org/fa/گاهشمار/index.html]
[gamaan.org/tag/politics/index.html]
[i0.wp.com/gamaan.org/wp-content/uploads/2023/09/1291454f555.jpg]
[gamaan.org/wp-content/uploads/elementor/css/post-1965b05d.css]
[gamaan.org/index2752.html]
[gamaan.org/summary-of-gamaans-survey-on-the-2020-parliamentary-elections-in-iran/index.html]
[gamaan.org/fa/روش-شناسی/index.html]
[i0.wp.com/gamaan.org/wp-content/uploads/2023/09/GAMAAN-Methodology-extended9ed1.png]
[gamaan.org/wp-content/uploads/elementor/css/post-33082396.css]
[gamaan.org/indexfd82.html]
[gamaan.org/fa/درباره-ما/index.html]
[gamaan.org/wp-content/uploads/elementor/css/post-1897a4da.css]
[gamaan.org/indexe481.html]
[gamaan.org/fa/گمان-در-رسانهها/index.html]
[i0.wp.com/gamaan.org/wp-content/uploads/2023/09/logo-mosaic_gamaan-copy9e35.jpg]
[gamaan.org/wp-content/uploads/elementor/css/post-2042f8e6.css]
[gamaan.org/wp-content/plugins/elementor/assets/lib/font-awesome/css/fontawesome.min52d5.css]
[gamaan.org/wp-content/plugins/elementor/assets/lib/font-awesome/webfonts/fa-regular-400.eot]
[gamaan.org/wp-content/plugins/elementor/assets/lib/font-awesome/webfonts/fa-regular-400d41d.eot]
[gamaan.org/wp-content/plugins/elementor/assets/lib/font-awesome/webfonts/fa-regular-400.woff2]
[gamaan.org/wp-content/plugins/elementor/assets/lib/font-awesome/webfonts/fa-regular-400.woff]
[gamaan.org/wp-content/plugins/elementor/assets/lib/font-awesome/webfonts/fa-regular-400.ttf]
[gamaan.org/wp-content/plugins/elementor/assets/lib/font-awesome/css/regular.min52d5.css]
[gamaan.org/indexdc22.html]
[i0.wp.com/en.qantara.de/sites/all/themes/custom/qantara/qantara_logoeb45.html]
[i0.wp.com/www.dexigner.com/images/news/xw/25221eb45.html]
[scontent-prg1-1.xx.fbcdn.net/v/t1.6435-9/141510005_129808048978117_1246757262260067733_n5fa6.png]
[i0.wp.com/lindro.it/wp-content/uploads/2017/03/Logo-lindro-GRANDEeb45.html]
[gamaan.org/fa/حمایت/index.html]
[gamaan.org/wp-content/uploads/elementor/css/post-21181f5d.css]
[gamaan.org/index06c3.html]
[gamaan.org/fa/تماس/index.html]
[gamaan.org/wp-content/uploads/elementor/css/post-19349102.css]
[gamaan.org/indexd8b3.html]
[gamaan.org/wp-content/plugins/elementor/assets/lib/font-awesome/webfonts/fa-regular-400.svg]
[gamaan.org/wp-content/uploads/elementor/css/post-33847504.css]
[gamaan.org/wp-json/wp/v2/pages/3384.json]
[gamaan.org/wp-json/oembed/1.0/embed26a3.json]
[gamaan.org/fa/elementor-3384/index.html]
[gamaan.org/wp-content/uploads/elementor/css/post-3311ca59.css]
[gamaan.org/index0c99.html]
[gamaan.org/wp-includes/css/dist/components/style-rtl.min1e39.css]
[gamaan.org/wp-includes/css/dist/block-editor/style-rtl.min1e39.css]
[gamaan.org/wp-includes/css/dist/reusable-blocks/style-rtl.min1e39.css]
[gamaan.org/wp-includes/css/dist/patterns/style-rtl.min1e39.css]
[gamaan.org/wp-includes/css/dist/editor/style-rtl.min1e39.css]
[gamaan.org/wp-content/plugins/contact-form-7/includes/css/styles-rtl69c8.css]
[gamaan.org/wp-content/plugins/elementor/assets/css/frontend-lite-rtl.minaad7.css]
[gamaan.org/wp-content/uploads/elementor/css/post-26117ed0.css]
[gamaan.org/wp-json/oembed/1.0/embed0ba5]
[gamaan.org/wp-content/themes/dotlife-child/fonts/Vazird41d.eot]
[gamaan.org/wp-content/themes/dotlife-child/fonts/Vazir.woff]
[gamaan.org/wp-content/themes/dotlife-child/fonts/Vazir.woff2]
[gamaan.org/wp-content/themes/dotlife-child/rtl.css]
[gamaan.org/f.html]
[gamaan.org/wp-content/themes/dotlife-child/fonts/Vazir.ttf]
[gamaan.org/wp-content/uploads/elementor/css/post-61297f32.css]
[gamaan.org/wp-json/wp/v2/posts/6129.json]
[gamaan.org/wp-json/oembed/1.0/embedc423.json]
[gamaan.org/wp-json/oembed/1.0/embed2680]
[gamaan.org/wp-content/uploads/2023/09/GAMAAN-Media-Survey-Report-2023-Persian-Final.pdf]
[gamaan.org/wp-content/uploads/2023/09/GAMAAN-Media-Survey-2023-Persian-Final.pdf]
[i0.wp.com/gamaan.org/wp-content/uploads/2023/09/Image-05-09-2023-at-23.201e84.jpg]
[gamaan.org/fa/2023/09/05/media-survey-1402/index.html]
[gamaan.org/fa/index28ec.html]
[gamaan.org/fa/tag/رسانه/index.html]
[gamaan.org/fa/category/گزارش/index.html]
[gamaan.org/fa/tag/نگرش/index.html]
[gamaan.org/wp-json/wp/v2/posts/5402.json]
[gamaan.org/wp-json/oembed/1.0/embed4a74.json]
[gamaan.org/wp-json/oembed/1.0/embedf41f]
[gamaan.org/wp-content/uploads/2023/02/GAMAAN-Protests-Survey-Persian-Report-Final.pdf]
[gamaan.org/fa/2023/02/04/protests_survey_persian/index.html]
[gamaan.org/tag/اعتراضات-سراسری/index.html]
[gamaan.org/tag/مهسا-امینی/index.html]
[gamaan.org/wp-json/wp/v2/posts/4434.json]
[gamaan.org/wp-json/oembed/1.0/embed57f6.json]
[gamaan.org/wp-json/oembed/1.0/embed791d]
[gamaan.org/wp-content/uploads/2022/03/GAMAAN-Political-Systems-Survey-Report-Final-Persian.pdf]
[gamaan.org/fa/2022/03/31/political-systems-survey/index.html]
[gamaan.org/index7fff.html]
[gamaan.org/wp-content/uploads/elementor/css/post-53586f96.css]
[gamaan.org/tag/iranprotests/index.html]
[gamaan.org/tag/iranrevolution/index.html]
[gamaan.org/tag/mahsaamini/index.html]
[gamaan.org/wp-content/uploads/elementor/css/post-444028b0.css]
[gamaan.org/index4400.html]
[gamaan.org/wp-content/uploads/elementor/css/post-4129bcee.css]
[gamaan.org/indexe47c.html]
[gamaan.org/fa/2021/06/18/گزارش-نظرسنجی-نهایی-انتخابات-۱۴۰۰/index.html]
[gamaan.org/wp-includes/css/dist/block-library/style.min1e39.css]
[gamaan.org/wp-content/uploads/elementor/css/post-19528ae2.css]
[gamaan.org/indexaa37.html]
[gamaan.org/fa/2021/06/06/گزارش-نظرسنجی-انتخابات/index.html]
[gamaan.org/indexd2df.html]
[gamaan.org/fa/2021/03/28/گزارش-نظرسنجی-نگرش-ایرانیان-به-رسانه/index.html]
[gamaan.org/wp-content/uploads/elementor/css/post-19468ae2.css]
[gamaan.org/index6086.html]
[gamaan.org/fa/2022/03/04/نظرسنجی-نگرش-ایرانیان-به-رابطه-با-جها/index.html]
[gamaan.org/wp-json/wp/v2/tags/65.json]
[gamaan.org/tag/attitude/feed/index.html]
[gamaan.org/wp-content/uploads/2021/04/Media-Survey-GAMAAN.png]
[gamaan.org/tag/attitude/index.html]
[gamaan.org/tag/media/index.html]
[gamaan.org/fa/2020/10/08/گزارش-نظرسنجی-دیدگاه-ایرانیان-اعدام/index.html]
[gamaan.org/index3ba2.html]
[gamaan.org/fa/2020/08/23/گزارش-نظرسنجی-نگرش-ایرانیان-دین/index.html]
[gamaan.org/wp-content/uploads/elementor/css/post-22058ae2.css]
[gamaan.org/index8e0e.html]
[gamaan.org/fa/2020/03/29/گزارش-نظرسنجی-بیماری-کرونا-در-ایران/index.html]
[gamaan.org/index4d23.html]
[gamaan.org/fa/2020/02/09/گزارش-نظرسنجی-درباره-انتخابات-۹۸/index.html]
[gamaan.org/indexb624.html]
[gamaan.org/fa/2019/04/17/گزارش-نظرسنجی-جمهوری-اسلامی-رفراندوم/index.html]
[gamaan.org/indexede1.html]
[gamaan.org/wp-json/wp/v2/tags/66.json]
[gamaan.org/tag/media/feed/index.html]
[gamaan.org/wp-json/wp/v2/tags/69.json]
[gamaan.org/fa/tag/سیاست/index.html]
[gamaan.org/tag/politics/feed/index.html]
[gamaan.org/wp-content/uploads/2019/04/1538471_435-e1648360709598.jpg]
[gamaan.org/tag/politics/index.html]
[gamaan.org/wp-content/plugins/elementor/assets/lib/font-awesome/webfonts/fa-regular-400.svg]
[gamaan.org/wp-content/uploads/elementor/css/post-33847504.css]
[gamaan.org/indexfac1.html]
[gamaan.org/wp-content/uploads/elementor/css/post-61297f32.css]
[gamaan.org/indexd683.html]
[gamaan.org/fa/tag/رسانه/index.html]
[gamaan.org/fa/tag/نگرش/index.html]
[gamaan.org/wp-content/uploads/elementor/css/post-5402b68d.css]
[gamaan.org/index28ec.html]
[gamaan.org/tag/اعتراضات-سراسری/index.html]
[gamaan.org/tag/مهسا-امینی/index.html]
[gamaan.org/index6412.html]
[gamaan.org/fa/2022/03/04/نظرسنجی-نگرش-ایرانیان-به-رابطه-با-جها/index.html]
[gamaan.org/fa/tag/سیاست/index.html]
